CMD: python.exe -X utf8 py_tools/check_floorplan.py C:\Users\rob\Documents\prive\git\KiCadRoutingTools\wk\astra-placement-audit\kicad_files\esp_prog.kicad_pcb --intent C:\Users\rob\Documents\prive\git\KiCadRoutingTools\wk\astra-placement-audit\wk\astra-evidence\requirements\esp_observed.json --brief C:\Users\rob\Documents\prive\git\KiCadRoutingTools\wk\astra-placement-audit\wk\astra-evidence\requirements\carried_changed.design-brief.json --require-brief-coverage --json C:\Users\rob\Documents\prive\git\KiCadRoutingTools\wk\astra-placement-audit\wk\astra-evidence\requirements\grade_carried_changed.json
ENV KNOBS: none
design brief carried_changed.design-brief.json: 3 interface(s), 1 keep-out(s), 5 declared UNKNOWN
  carried, NOT graded: interfaces[CON2].cable_entry, interfaces[CON2].mount_mode, interfaces[USB1].cable_entry, interfaces[USB1].mount_mode, product.form_factor, product.user_top_side
grading at clearance 0.25 (fixed default), edge 0.55 (fixed default)
  WARNING [quench]: 18 footprint(s) have no courtyard (F/B.CrtYd) and fall back to their pad bounding box, which carries no courtyard margin: C1, C2, C3, C4, CON1, CON2, Q1, Q2, R1, R2, R3, R4, ...
Floorplan: esp_prog.kicad_pcb vs esp_observed.json
  21 footprints, 0 block(s), 0 part(s) covered
  outline: 0 ring(s), 0 cutout(s), 0 milled contour(s)
  5 error(s), 3 warning(s) from 6 rule(s)
    [ERROR] edge_connector: CON2 is an edge part seated 0.69mm from the nearest edge with no overhang (body:silk; seat tolerance 0.50mm) -- the mating face cannot reach the edge
    [ERROR] edge_connector: CON2 sits nearest the east edge but is declared on the south edge
    [ERROR] edge_connector: USB1 sits 1.75mm (12.1% of the 14.50mm east edge) south of that edge's centre, past the declared tolerance 0.50mm
    [ERROR] edge_connector: USB1 sits nearest the west edge but is declared on the east edge
    [ERROR] keepout: CON1 (F) is inside keep-out 'usb-shell-shadow' [143.00, 96.00, 145.75, 100.50]
    [warn ] pins_to_edge: Q2: 1 of 3 connected pads sit on a row facing the south edge (1.45mm) with no partner beyond -- their nets can only leave along the edge strip or under the part
    [warn ] pins_to_edge: U1: 8 of 17 connected pads sit on a row facing the south edge (1.88mm) with no partner beyond -- their nets can only leave along the edge strip or under the part
    [warn ] pins_to_edge: Y1: 2 of 4 connected pads sit on a row facing the south edge (1.40mm) with no partner beyond -- their nets can only leave along the edge strip or under the part
  along-edge seating (measured, not a verdict -- a violation needs a declared center_on_edge or along_edge_band):
    CON2 south: +6.29mm (+19.8% of the 31.75mm edge, bbox) DECLARED
    USB1 east: +1.75mm (+12.1% of the 14.50mm edge, bbox) DECLARED
  8 rule(s) did not run:
    - decap_distance: the intent declares no decaps.max_distance_mm
    - decap_pin_distance: the intent declares no decaps.max_pin_distance_mm
    - decap_ungraded: the intent declares no decaps.max_distance_mm
    - must_lock: the intent declares no must_lock patterns
    - proximity: the intent declares no proximity claims
    - zone_containment: no block declares a zone
    - zone_exclusive: no block is marked exclusive
    - zone_side: no block declares a side
  brief clause coverage: 8 graded, 0 uncovered, 0 abstained, 3 declared unknown, 8 carried
  wrote C:\Users\rob\Documents\prive\git\KiCadRoutingTools\wk\astra-placement-audit\wk\astra-evidence\requirements\grade_carried_changed.json
JSON_SUMMARY: {"blocks": 0, "blocks_resolved": 0, "board": "esp_prog.kicad_pcb", "brief": "C:\\Users\\rob\\Documents\\prive\\git\\KiCadRoutingTools\\wk\\astra-placement-audit\\wk\\astra-evidence\\requirements\\carried_changed.design-brief.json", "brief_absent": 0, "brief_clauses": 19, "brief_clauses_abstained": 0, "brief_clauses_carried": 8, "brief_clauses_drifted": 0, "brief_clauses_graded": 8, "brief_clauses_not_claimed": 3, "brief_clauses_uncovered": 0, "brief_coverage_complete": true, "brief_declared": 16, "brief_drift": 0, "brief_unknown": 5, "brief_unknown_keys": ["interfaces[CON1].along_edge", "interfaces[CON1].edge", "interfaces[CON1].user_facing", "mounting_datum", "panel"], "budget_abstained": 0, "budget_abstained_keys": [], "clearance_used": {"source": "fixed default", "value": 0.25}, "complete": true, "cutouts": 0, "decap_pins_by_channel": {}, "decap_pins_graded": 0, "edge_clearance_used": {"source": "fixed default", "value": 0.55}, "edge_contours": 0, "edge_seating_abstained": 0, "edge_seating_declared": 2, "edge_seating_rows": 2, "edge_seating_worst_offset_pct": 19.83, "errors": 5, "hole_shortfall": 0.0, "hpwl": 253.9809, "intent": "esp_observed.json", "locked_contact_pairs": 0, "not_graded": {}, "oob_amount": 0.0, "oob_area": 0.0, "oob_count": 0, "oob_count_exempt": 0, "overlap_area": 1.14, "pad_conflict_pairs": 1, "pad_intersection_pairs": 0, "pad_overlap_pairs": 0, "pad_shortfall": 0.066, "parts_covered": 0, "parts_total": 21, "pass": false, "rules_run": 6, "rules_skipped": 8, "state_duplicate_fraction": 0.0, "state_has_copper": false, "state_outside_fraction": 0.0, "state_partially_unplaced": false, "state_spread_ratio": 0.8051, "state_unplaced": false, "violations": 8, "violations_by_rule": {"edge_connector": 4, "keepout": 1, "pins_to_edge": 3}, "warnings": 3}
EXIT=4
WARNING: 2 footprint block(s) share 1 reference(s) -- Ref* x2. Every block is kept; the later ones are keyed ~2, ~3 ... in file order, so this board parses as 21 parts. Legal in KiCad (a paired testpoint, a net tie), but rename them if they are meant to be distinct parts.
